// Jest Snapshot v1, https://goo.gl/fbAQLP

exports[`Assign code generator Boolean 1`] = `"{% assign first_time_visitor = false %}"`;

exports[`Assign code generator Simple string 1`] = `"{% assign favorite_food = \\"pizza\\" %}"`;
