// Jest Snapshot v1, https://goo.gl/fbAQLP

exports[`Button code generator with link 1`] = `
"
      <a >
        Click me
      </a>
    "
`;

exports[`Button code generator with link in new tab, no text 1`] = `
"
      <a target=\\"_blank\\" >
        
      </a>
    "
`;

exports[`Button code generator without link 1`] = `
"
      <span >
        Click me
      </span>
    "
`;
