// Jest Snapshot v1, https://goo.gl/fbAQLP

exports[`Form code generator no values for attributes 1`] = `
"
      <form
        validate=\\"\\"
        action=\\"\\"
        method=\\"\\"
        name=\\"undefined\\"
        >
        
      </form>
    "
`;

exports[`Form code generator values for all attributes 1`] = `
"
      <form
        validate=\\"true\\"
        action=\\"https://www.builder.io\\"
        method=\\"GET\\"
        name=\\"name\\"
        >
        
      </form>
    "
`;
