// Jest Snapshot v1, https://goo.gl/fbAQLP

exports[`Form Input code generator no values for attributes 1`] = `
"
      <input
        placeholder=\\"\\"
        name=\\"\\"
        type=\\"\\"
        value=\\"\\"
         />
    "
`;

exports[`Form Input code generator values for all attributes 1`] = `
"
      <input
        placeholder=\\"placeholder\\"
        name=\\"name\\"
        type=\\"text\\"
        value=\\"value\\"
         />
    "
`;
